[2026-09-09T23:06:15-03:00] [LOCAL RESET LOG - P0.5]
[LOCAL RESET CHECK] Verificando 12 tabelas operacionais no Supabase (head count query)...
  fazendas: 0 | piquetes: 0 | lotes: 0 | animais: 0
  produtos: 0 | aplicacoes_sanitarias: 0 | ocorrencias_sanitarias: 0
  dietas: 0 | fornecimentos_dieta: 0 | pesagens: 0
  estoque_movimentos: 0 | financeiro_lancamentos: 0
[LOCAL RESET] Supabase operacional vazio — iniciando limpeza do IndexedDB
  entidade: fazendas registros removidos: OK
  entidade: piquetes registros removidos: OK
  entidade: lotes registros removidos: OK
  entidade: animais registros removidos: OK
  entidade: produtos registros removidos: OK
  entidade: aplicacoes_sanitarias registros removidos: OK
  entidade: ocorrencias_sanitarias registros removidos: OK
  entidade: dietas registros removidos: OK
  entidade: fornecimentos_dieta registros removidos: OK
  entidade: pesagens registros removidos: OK
  entidade: estoque_movimentos registros removidos: OK
  entidade: financeiro_lancamentos registros removidos: OK
[LOCAL RESET] sync_queue limpa
[LOCAL RESET] usuarios: 2 mantidos intactos (Não resetado)
[LOCAL RESET] CONCLUÍDO
RESULT: PASS
